// Vitest Snapshot v1, https://vitest.dev/guide/snapshot.html

exports[`NavBar > matches snapshot. 1`] = `
<DocumentFragment>
  <nav
    class="NavBar"
  >
    <a
      aria-current="page"
      class="active"
      data-discover="true"
      href="/"
    >
      Home
    </a>
    <a
      class=""
      data-discover="true"
      href="/companies"
    >
      Companies
    </a>
    <a
      class=""
      data-discover="true"
      href="/jobs"
    >
      Jobs
    </a>
    <a
      class=""
      data-discover="true"
      href="/profile"
    >
      Profile
    </a>
    <a
      aria-current="page"
      class="active"
      data-discover="true"
      href="/"
    >
      Logout testuser
    </a>
  </nav>
</DocumentFragment>
`;
