// Vitest Snapshot v1, https://vitest.dev/guide/snapshot.html

exports[`CompanyPage > matches snapshot. 1`] = `
<DocumentFragment>
  <main
    class="HomePage"
  >
    <h1>
      Jobly
    </h1>
    <p>
      All the jobs in one, convenient place.
    </p>
    <div
      class="HomePage__welcome-back-message"
    >
      <p>
        Welcome Back, testuser!
      </p>
    </div>
  </main>
</DocumentFragment>
`;
