// Vitest Snapshot v1, https://vitest.dev/guide/snapshot.html

exports[`AllRoutesWrapper > matches snapshot. 1`] = `
<DocumentFragment>
  <p>
    home
  </p>
</DocumentFragment>
`;
